Project summary
  type: infra
  confidence: medium
  repo shape: single-package

Install set
  bundles: base, project-infra
  note: Resolved bundles from detected project types and technologies.

Detected technologies
  infra (medium)

Rules
  rules-cross.yaml
  rules-infra.yaml
  security-global.yaml
  security-shell.yaml

Evidence
  project-type: Resolved project type infra (medium) (.tf files, helmfile.yaml, charts/, terraform/, infra/)
  technology: Resolved technology infra (medium) (.tf files, helmfile.yaml, charts/, terraform/)

Agent policy
  AGENTS.md files: 0
  claude: absent
  codex: absent
  opencode: absent
